// Jest Snapshot v1, https://goo.gl/fbAQLP

exports[`Signup should match the snapshot 1`] = `
<div
  className="signup-container"
>
  <header>
    <h1>
      Movie 
      <i
        className="fas fa-film"
      />
       Tracker
    </h1>
  </header>
  <main>
    <form
      className="signup"
      onSubmit={[Function]}
    >
      <input
        className="input"
        name="name"
        onChange={[Function]}
        placeholder="Your Name"
        value=""
      />
      <input
        className="input"
        name="email"
        onChange={[Function]}
        placeholder="Email"
        value=""
      />
      <input
        className="input"
        name="password"
        onChange={[Function]}
        placeholder="Password"
        type="password"
        value=""
      />
      <h3
        className="email-in-use"
      />
      <button
        className="create-account"
      >
        Sign Up
      </button>
      <Link
        to="/"
      >
        <button
          className="return-login"
        >
          Return To Login
        </button>
      </Link>
    </form>
  </main>
</div>
`;

exports[`Signup should match the snapshot if it renders the redirect 1`] = `
<div
  className="signup-container"
>
  <header>
    <h1>
      Movie 
      <i
        className="fas fa-film"
      />
       Tracker
    </h1>
  </header>
  <main>
    <form
      className="signup"
      onSubmit={[Function]}
    >
      <input
        className="input"
        name="name"
        onChange={[Function]}
        placeholder="Your Name"
        value=""
      />
      <input
        className="input"
        name="email"
        onChange={[Function]}
        placeholder="Email"
        value=""
      />
      <input
        className="input"
        name="password"
        onChange={[Function]}
        placeholder="Password"
        type="password"
        value=""
      />
      <h3
        className="email-in-use"
      />
      <button
        className="create-account"
      >
        Sign Up
      </button>
      <Link
        to="/"
      >
        <button
          className="return-login"
        >
          Return To Login
        </button>
      </Link>
    </form>
  </main>
</div>
`;
