// Jest Snapshot v1, https://goo.gl/fbAQLP

exports[`MovieCard MovieCard should match the snapshot 1`] = `
<ContextProvider
  value={
    Object {
      "store": Object {
        "clearActions": [Function],
        "dispatch": [Function],
        "getActions": [Function],
        "getState": [Function],
        "replaceReducer": [Function],
        "subscribe": [Function],
      },
      "subscription": Subscription {
        "handleChangeWrapper": [Function],
        "listeners": Object {
          "clear": [Function],
          "get": [Function],
          "notify": [Function],
          "subscribe": [Function],
        },
        "onStateChange": [Function],
        "parentSub": undefined,
        "store": Object {
          "clearActions": [Function],
          "dispatch": [Function],
          "getActions": [Function],
          "getState": [Function],
          "replaceReducer": [Function],
          "subscribe": [Function],
        },
        "unsubscribe": [Function],
      },
    }
  }
>
  <ConnectFunction
    movie={
      Object {
        "id": 1,
        "overview": "a darn good movie",
        "poster_path": undefined,
        "release_date": 2019,
        "title": "Avengers",
        "vote_average": 10,
      }
    }
    user_id={1}
  />
</ContextProvider>
`;
